[www.gobeyondsustainability.com/index.html]
[static.wixstatic.com/media/584107_2ff633a39f9848429943a5999284125b_mv2.png/v1/fill/w_32,h_32,lg_1,usm_0.66_1.00_0.01/584107_2ff633a39f9848429943a5999284125b_mv2.png]
[static.parastorage.com/unpkg/core-js-bundle@3.2.1/minified.js]
[static.parastorage.com/unpkg/focus-within-polyfill@5.0.9/dist/focus-within-polyfill.js]
[external.html]
[backblue.gif]
[fade.gif]
[index.html]
[polyfill.io/v3/polyfill.mind82c.js]
[www.gobeyondsustainability.com/decodeURIComponent(e]
[browser.sentry-cdn.com/5.21.4/bundle.min.js]
[www.gobeyondsustainability.com/https_]
[www.gobeyondsustainability.com/sitemap.xml]
[www.gobeyondsustainability.com/feed.xml]
[static.parastorage.com/services/wix-thunderbolt/dist/bootstrap-features.3751fad6.chunk.min.js]
[static.parastorage.com/services/wix-thunderbolt/dist/main.05de97c6.chunk.min.js]
[static.parastorage.com/unpkg/lodash@4.17.15/lodash.min.js]
[static.parastorage.com/unpkg/react@16.13.1/umd/react.production.min.js]
[static.parastorage.com/services/wix-thunderbolt/dist/wix-code-sdk-providers.fb8d1b78.chunk.min.js]
[static.parastorage.com/services/wix-thunderbolt/dist/dynamicPages.e0ff7668.chunk.min.js]
[static.parastorage.com/services/wix-thunderbolt/dist/page-features.8309f9cb.chunk.min.js]
[static.parastorage.com/services/wix-thunderbolt/dist/ooi.5643d49e.chunk.min.js]
[static.parastorage.com/services/wix-thunderbolt/dist/passwordProtectedPage.f7cdd121.chunk.min.js]
[static.parastorage.com/services/wix-thunderbolt/dist/popups.3fed857f.chunk.min.js]
[static.parastorage.com/services/wix-thunderbolt/dist/protectedPages.ae6c779b.chunk.min.js]
[static.parastorage.com/services/wix-thunderbolt/dist/siteMembers.379fcec2.chunk.min.js]
[static.parastorage.com/services/wix-thunderbolt/dist/tpaCommons.383ca575.chunk.min.js]
[static.parastorage.com/services/wix-thunderbolt/dist/windowMessageRegistrar.4431b9b7.chunk.min.js]
[static.parastorage.com/services/wix-thunderbolt/dist/platform.1f61aba2.chunk.min.js]
[static.parastorage.com/services/editor-elements/dist/componentSdks.55145bc0.bundle.min.js]
[static.parastorage.com/services/tag-manager-client/1.413.0/siteTags.bundle.min.js]
[static.parastorage.com/services/editor-elements/dist/thunderboltElements.4ad373a2.bundle.min.js]
[www.gobeyondsustainability.com/version/index.html]
[static.parastorage.com/services/wix-perf-measure/1.451.0/wix-perf-measure.bundle.min.js]
[static.parastorage.com/unpkg/react-dom@16.13.1/umd/react-dom.production.min.js]
[static.parastorage.com/services/wix-thunderbolt/dist/activePopup.25745e41.chunk.min.js]
[static.parastorage.com/services/wix-thunderbolt/dist/imageZoom.37051d70.chunk.min.js]
[static.parastorage.com/services/wix-thunderbolt/dist/onloadCompsBehaviors.d13b7dc8.chunk.min.js]
[static.parastorage.com/services/wix-thunderbolt/dist/ooiTpaSharedConfig.f50605f7.chunk.min.js]
[static.parastorage.com/services/wix-thunderbolt/dist/platformPubsub.2a459712.chunk.min.js]
[static.parastorage.com/services/wix-thunderbolt/dist/sosp.72b7e6a1.chunk.min.js]
[static.parastorage.com/services/wix-thunderbolt/dist/tpa.5a670b72.chunk.min.js]
[static.parastorage.com/services/wix-thunderbolt/dist/backgroundScrub.757ad0dc.chunk.min.js]
[static.parastorage.com/services/wix-thunderbolt/dist/pageAnchors.cda91cf2.chunk.min.js]
[static.parastorage.com/services/wix-thunderbolt/dist/pageTransitions.255994d2.chunk.min.js]
[static.parastorage.com/services/wix-thunderbolt/dist/reducedMotion.ef7f4b11.chunk.min.js]
[static.parastorage.com/services/wix-thunderbolt/dist/screenIn.0315138b.chunk.min.js]
[static.parastorage.com/services/editor-elements/dist/Container_DefaultAreaSkin.0ea01c32.chunk.min.js]
[static.parastorage.com/services/editor-elements/dist/bootstrap-components-classic.fbca521b.chunk.min.js]
[static.parastorage.com/services/editor-elements/dist/bootstrap-components-responsive.e1b358b7.chunk.min.js]
[static.parastorage.com/services/editor-elements/dist/DropDownMenu_OverlineMenuButtonSkin.0da8f591.chunk.min.js]
[static.parastorage.com/services/editor-elements/dist/AppWidget.0ddc3f24.chunk.min.js]
[static.parastorage.com/services/editor-elements/dist/FiveGridLine_SolidLine.917bb894.chunk.min.js]
[static.parastorage.com/services/editor-elements/dist/FormContainer_FormContainerSkin.1db05030.chunk.min.js]
[static.parastorage.com/services/editor-elements/dist/common-site-members-dialogs.35f0936b.chunk.min.js]
[static.parastorage.com/services/editor-elements/dist/TextInput.b63ea40e.chunk.min.js]
[static.parastorage.com/services/editor-elements/dist/MeshGroup.3997685c.chunk.min.js]
[static.parastorage.com/services/editor-elements/dist/SlideShowContainer_StateBox.1607244e.chunk.min.js]
[static.parastorage.com/services/editor-elements/dist/SlideShowContainer.4b6d8b3b.chunk.min.js]
[static.parastorage.com/services/editor-elements/dist/SlideShowSlide.65b3d3fc.chunk.min.js]
[static.parastorage.com/services/editor-elements/dist/CheckboxGroup.7a926353.chunk.min.js]
[static.parastorage.com/services/editor-elements/dist/TextAreaInput.c33a2828.chunk.min.js]
[static.parastorage.com/services/editor-elements/dist/WPhoto_CirclePhoto.773aa774.chunk.min.js]
[static.parastorage.com/services/wix-thunderbolt/dist/animations-vendors.376ca3e4.chunk.min.js]
[static.parastorage.com/services/wix-thunderbolt/dist/tpa-components.a31d68ef.chunk.min.js]
[static.parastorage.com/services/editor-elements/dist/bootstrap-components-common.14e7b1bd.chunk.min.js]
[static.wixstatic.com/media/418ed8_1341ea0c714343eaaa47c0d7f4dcc121_mv2.png/v1/fill/w_174,h_84,al_c,usm_0.66_1.00_0.01,blur_3/a2.png]
[www.gobeyondsustainability.com/content.html]
[www.gobeyondsustainability.com/events.html]
[www.gobeyondsustainability.com/education.html]
[www.gobeyondsustainability.com/about.html]
[www.gobeyondsustainability.com/team.html]
[www.gobeyondsustainability.com/media-coverage.html]
[www.gobeyondsustainability.com/contact.html]
[www.gobeyondsustainability.com/laboratory.html]
[static.wixstatic.com/media/418ed8_f76eaf5027ab47a4a7bd57589e09f581_mv2.jpg/v1/fill/w_245,h_114,al_c,q_80,usm_0.66_1.00_0.01,blur_2/418ed8_f76eaf5027ab47a4a7bd57589e09f581_mv2.jpg]
[static.wixstatic.com/media/418ed8_1474b5d3f355400d8e2702c553c83a60_mv2.png/v1/fill/w_245,h_135,al_c,usm_0.66_1.00_0.01,blur_2/418ed8_1474b5d3f355400d8e2702c553c83a60_mv2.png]
[static.wixstatic.com/media/584107_6c8b56a757be4f03a654e204e5f7a9ac_mv2.png/v1/fill/w_133,h_100,al_c,usm_0.66_1.00_0.01,blur_2/584107_6c8b56a757be4f03a654e204e5f7a9ac_mv2.png]
[www.gobeyondsustainability.com/4.png]
[static.wixstatic.com/media/584107_cbc71bf12c1f4dd2bd9e459924e6e106_mv2.png/v1/crop/x_0,y_33,w_1080,h_1013/fill/w_194,h_182,al_c,usm_0.66_1.00_0.01,blur_2/4.png]
[www.gobeyondsustainability.com/3.png]
[static.wixstatic.com/media/584107_d6d009dc0a144a09b05057c9be557b51_mv2.png/v1/crop/x_0,y_33,w_1080,h_1013/fill/w_194,h_182,al_c,usm_0.66_1.00_0.01,blur_2/3.png]
[www.gobeyondsustainability.com/5.png]
[static.wixstatic.com/media/584107_5a60e4974ef54a7d97c36b66557c2831_mv2.png/v1/crop/x_0,y_33,w_1080,h_1013/fill/w_194,h_182,al_c,usm_0.66_1.00_0.01,blur_2/5.png]
[www.gobeyondsustainability.com/ecobuilding.html]
[static.wixstatic.com/media/584107_db6ceb4a060a4b62b32f6d54ddf2b7ac_mv2.png/v1/crop/x_0,y_33,w_1080,h_1013/fill/w_194,h_182,al_c,usm_0.66_1.00_0.01,blur_2/Homepage Graphics - website (2).png]
[static.parastorage.com/services/pro-gallery-santa-wrapper/1.1572.0/staticCss.min.css]
[static.wixstatic.com/media/418ed8_a151c100a43741fbb0bf5d7f391903b6_mv2.png/v1/fill/w_307,h_231,q_90/418ed8_a151c100a43741fbb0bf5d7f391903b6_mv2.png]
[static.wixstatic.com/media/584107_296a85e8cec940e4885307d37adcd73a_mv2.png/v1/fill/w_308,h_231,q_90/584107_296a85e8cec940e4885307d37adcd73a_mv2.png]
[static.wixstatic.com/media/584107_5d89d0dc59d549fa8bfd57015975360d_mv2.png/v1/fill/w_307,h_231,q_90/584107_5d89d0dc59d549fa8bfd57015975360d_mv2.png]
[static.wixstatic.com/media/584107_cdf9b39b52b44063870e261f6c7a2f9f_mv2.png/v1/fill/w_245,h_138,al_c,usm_0.66_1.00_0.01,blur_2/584107_cdf9b39b52b44063870e261f6c7a2f9f_mv2.png]
[www.gobeyondsustainability.com/index.html]
[www.gobeyondsustainability.com/decodeURIComponent(e.html]
[www.gobeyondsustainability.com/https_.html]
[www.gobeyondsustainability.com/sitemap.html]
[www.gobeyondsustainability.com/feed.html]
[www.gobeyondsustainability.com/version/index.html]
[static.wixstatic.com/media/418ed8_e7eff2465d874b77817c51e33df6baa7_mv2.png/v1/fill/w_82,h_19,al_c,usm_0.66_1.00_0.01,blur_3/im7.png]
[static.wixstatic.com/media/584107_6424c425008c411c93c440639c6faa1a_mv2.jpg/v1/fill/w_72,h_107,al_c,q_80,usm_0.66_1.00_0.01,blur_2/584107_6424c425008c411c93c440639c6faa1a_mv2.jpg]
[static.wixstatic.com/media/418ed8_a0f151b791fa477f933de8eda9f8282e_mv2.gif]
[static.wixstatic.com/media/584107_b2d452688c8c47a0a78709f5f8db6c67_mv2.jpg/v1/fit/w_293,h_292,q_75/584107_b2d452688c8c47a0a78709f5f8db6c67_mv2.jpg]
[static.wixstatic.com/media/418ed8_060c4272daa045fd8f1e08c26fdb6069_mv2.jpg/v1/fit/w_293,h_292,q_75/418ed8_060c4272daa045fd8f1e08c26fdb6069_mv2.jpg]
[static.wixstatic.com/media/418ed8_51a425f47ae249dcb6d3115913b07fc5_mv2.jpg/v1/fit/w_292,h_292,q_75/418ed8_51a425f47ae249dcb6d3115913b07fc5_mv2.jpg]
[static.wixstatic.com/media/418ed8_041b0975d3e64828995c5d8500f333b4_mv2.gif]
[www.gobeyondsustainability.com/copy-of-event-services-1.html]
[static.wixstatic.com/media/418ed8_73ec960b76cc4d1e9ee8039c9d8cc12d_mv2.png/v1/fill/w_212,h_212,q_75/418ed8_73ec960b76cc4d1e9ee8039c9d8cc12d_mv2.png]
[static.wixstatic.com/media/418ed8_144a81e56d2d4e7896a99920dd39d5f1_mv2.jpg/v1/fill/w_212,h_212,q_75/418ed8_144a81e56d2d4e7896a99920dd39d5f1_mv2.jpg]
[static.wixstatic.com/media/418ed8_267824784b3a45b3a83d1c0b4c7166c6_mv2.png/v1/fill/w_212,h_212,q_75/418ed8_267824784b3a45b3a83d1c0b4c7166c6_mv2.png]
[static.wixstatic.com/media/418ed8_b093b0d6064c441d8a08be9aabd368a2_mv2.jpg/v1/fill/w_212,h_212,q_75/418ed8_b093b0d6064c441d8a08be9aabd368a2_mv2.jpg]
[static.wixstatic.com/media/418ed8_a17e539219f04c52b6ee1dd6d6322392_mv2.gif]
[static.wixstatic.com/media/418ed8_73fa7116df3e4b239ca0a44381a47ae6_mv2.png/v1/fill/w_293,h_292,q_75/418ed8_73fa7116df3e4b239ca0a44381a47ae6_mv2.png]
[static.wixstatic.com/media/418ed8_4406d6f8d94b45bc8da727387941c46c_mv2.png/v1/fill/w_288,h_286,q_75/418ed8_4406d6f8d94b45bc8da727387941c46c_mv2.png]
[static.wixstatic.com/media/418ed8_3a3706a275b646ab87069f4122b2e617_mv2.png/v1/fill/w_292,h_292,q_75/418ed8_3a3706a275b646ab87069f4122b2e617_mv2.png]
[static.wixstatic.com/media/418ed8_b9b1547dd8a441428685f711ff8f42b9_mv2.gif]
[static.wixstatic.com/media/418ed8_f2f596b5285b4b5eb0e04373f6455957_mv2.jpg/v1/fill/w_300,h_299,q_75/418ed8_f2f596b5285b4b5eb0e04373f6455957_mv2.jpg]
[static.wixstatic.com/media/418ed8_ce07542aee1b4538be4d5a9f735d06e8_mv2.jpg/v1/fill/w_300,h_299,q_75/418ed8_ce07542aee1b4538be4d5a9f735d06e8_mv2.jpg]
[static.wixstatic.com/media/418ed8_a283c82762c14b99ab890ac328d4b317_mv2.jpg/v1/fill/w_299,h_299,q_75/418ed8_a283c82762c14b99ab890ac328d4b317_mv2.jpg]
[static.wixstatic.com/media/418ed8_b22f28113bee4a4c904c9196111a8809_mv2.gif]
[static.wixstatic.com/media/418ed8_4b36677fcd1a43bdb1195a6453dc238d_mv2.png/v1/fill/w_293,h_219,q_75/418ed8_4b36677fcd1a43bdb1195a6453dc238d_mv2.png]
[static.wixstatic.com/media/418ed8_2477b1bcd325445784ba19b373e40521_mv2.png/v1/fill/w_293,h_219,q_75/418ed8_2477b1bcd325445784ba19b373e40521_mv2.png]
[static.wixstatic.com/media/418ed8_a86db05a16c84340bf026f88f83ef0ac_mv2.png/v1/fill/w_292,h_219,q_75/418ed8_a86db05a16c84340bf026f88f83ef0ac_mv2.png]
[static.wixstatic.com/media/418ed8_f956d0dae8a44dc9b95eb85d756d9e31_mv2.gif]
[www.gobeyondsustainability.com/content.html]
[static.wixstatic.com/media/584107_43399ec272c0476a8f135a5f19eefb21_mv2.jpg/v1/fill/w_143,h_107,al_c,q_80,usm_0.66_1.00_0.01,blur_2/584107_43399ec272c0476a8f135a5f19eefb21_mv2.jpg]
[static.wixstatic.com/media/418ed8_36e6354a009f4cb685718aa469560644_mv2.png/v1/fill/w_177,h_177,al_c,usm_0.66_1.00_0.01,blur_2/418ed8_36e6354a009f4cb685718aa469560644_mv2.png]
[static.wixstatic.com/media/418ed8_1e5b0c1d64824974a6c50841c556436a_mv2.png/v1/crop/x_94,y_0,w_451,h_368/fill/w_179,h_146,al_c,usm_0.66_1.00_0.01,blur_2/584107_8d9dfa9479374e5ca4bc7c82df3911ec_.6f]
[www.gobeyondsustainability.com/news.71.delayed]
[static.wixstatic.com/media/418ed8_519c0de787d6410283cb39f0f7dba1c2_mv2.png/v1/fill/w_177,h_177,al_c,usm_0.66_1.00_0.01,blur_2/418ed8_519c0de787d6410283cb39f0f7dba1c2_mv2.png]
[static.wixstatic.com/media/418ed8_a8a039f432724c16afd69c3a0568e1bd_mv2.png/v1/fill/w_172,h_177,al_c,usm_0.66_1.00_0.01,blur_2/418ed8_a8a039f432724c16afd69c3a0568e1bd_mv2.png]
[www.gobeyondsustainability.com/IMG_20200823_153917_edited.jpg]
[static.wixstatic.com/media/418ed8_78ad7ce749244144a57eb786787101e1_mv2.png/v1/fill/w_223,h_222,q_75/418ed8_78ad7ce749244144a57eb786787101e1_mv2.png]
[static.wixstatic.com/media/418ed8_79e393c6866040ec9e21426bbd6fb07e_mv2.png/v1/fill/w_223,h_222,q_75/418ed8_79e393c6866040ec9e21426bbd6fb07e_mv2.png]
[static.wixstatic.com/media/418ed8_a151c100a43741fbb0bf5d7f391903b6_mv2.png/v1/fill/w_223,h_222,q_75/418ed8_a151c100a43741fbb0bf5d7f391903b6_mv2.png]
[static.wixstatic.com/media/418ed8_fafac036c96c46688c87f5ce2b9ea12b_mv2.png/v1/fill/w_222,h_222,q_75/418ed8_fafac036c96c46688c87f5ce2b9ea12b_mv2.png]
[www.gobeyondsustainability.com/events.html]
